========================================================================
🚀 박정희 시기 국회회의록 고급 담론·네트워크 분석 시작
========================================================================
[LOAD] 원본 행 수: 1,442,743
[LOAD] 분석 행 수: 1,442,743
[LOAD] 발언자 수: 9,653
[LOAD] 회의 수: 6,036
[OK] 정당 중심 분석: 12개 정당 · 4종 시각화
[OK] 커뮤니티 탐지: Louvain(weighted), 20개 커뮤니티
[SKIP] 인간/Gold annotation label 열이 없어 annotation label distribution 생략
[SKIP] 2개 이상의 annotator 열이 없어 annotator agreement 생략
[SKIP] Gold label + model label이 모두 없어 Gold vs Model 분석 생략
[SKIP] model confidence 열이 없어 confidence 분석 생략
[SKIP] human label + subtype 열이 없어 세부 라벨 분석 생략
[SKIP] 2개 이상의 annotator 열이 없어 시간별 annotation reliability 생략
[SKIP] Gold label + model label이 없어 모델 성능지표 생략
[SKIP] 현재 데이터에는 annotation 관련 열이 없어 annotation module은 사실상 비활성 상태입니다.
========================================================================
✅ 완료
출력 폴더: ./record_assembly/visualization_park
대시보드: ./record_assembly/visualization_park/대시보드.html
========================================================================